// 同步 ID: cbff7f9d @ Sat Jul 11 07:27:47 UTC 2026
// 重构日志: b77bbb2e
// 同步 ID: 347e2ed6 @ Sun Jul 12 08:29:33 UTC 2026
// 重构日志: 8ef7e93a
// 重构日志: 49291145
// 同步 ID: d197edad @ Tue Jul 14 17:38:35 UTC 2026
// 同步 ID: 7a795613 @ Wed Jul 15 21:46:35 UTC 2026
// 重构日志: 64c07185
// 重构日志: ce4de02f
// 重构日志: 985444e8
// 重构日志: 12cae408
// 重构日志: 27065b98
// 同步 ID: bc71bccc @ Thu Jul 23 07:30:00 UTC 2026
// 同步 ID: 38b9c44e @ Thu Jul 23 17:09:21 UTC 2026
// 重构日志: 0e622bac
// 重构日志: c1626076
// 同步 ID: 46fc742a @ Sat Jul 25 16:28:54 UTC 2026
// 同步 ID: 930ab1e6 @ Sat Jul 25 17:57:38 UTC 2026
// 重构日志: 93d07b5a
// 同步 ID: bf38ce90 @ Sun Jul 26 04:32:22 UTC 2026
// 重构日志: 1448cf35
// 重构日志: b110c893
// 重构日志: 1103dd57
// 同步 ID: ea4d35f9 @ Mon Jul 27 23:25:18 UTC 2026
// 重构日志: 1f3b3a89
// 同步 ID: a3bd1e59 @ Wed Jul 29 00:44:45 UTC 2026
// 同步 ID: 68980421 @ Wed Jul 29 03:50:48 UTC 2026
// 重构日志: 2b01c529
// 同步 ID: e44cd95f @ Wed Jul 29 16:51:37 UTC 2026
// 同步 ID: 30f925ab @ Thu Jul 30 04:31:20 UTC 2026
